#! /usr/bin/vvp
:ivl_version "12.0 (stable)";
:ivl_delay_selection "TYPICAL";
:vpi_time_precision - 12;
:vpi_module "/usr/lib/x86_64-linux-gnu/ivl/system.vpi";
:vpi_module "/usr/lib/x86_64-linux-gnu/ivl/vhdl_sys.vpi";
:vpi_module "/usr/lib/x86_64-linux-gnu/ivl/vhdl_textio.vpi";
:vpi_module "/usr/lib/x86_64-linux-gnu/ivl/v2005_math.vpi";
:vpi_module "/usr/lib/x86_64-linux-gnu/ivl/va_math.vpi";
S_0x613f1afa1d40 .scope module, "tb_baud_gen" "tb_baud_gen" 2 2;
 .timescale -9 -12;
v0x613f1afb4bd0_0 .var "clk", 0 0;
v0x613f1afb4ca0_0 .var "rst_n", 0 0;
v0x613f1afb4d70_0 .net "tick_16x", 0 0, v0x613f1afb4a90_0;  1 drivers
S_0x613f1afa1ed0 .scope module, "DUT" "baud_gen" 2 9, 3 1 0, S_0x613f1afa1d40;
 .timescale 0 0;
    .port_info 0 /INPUT 1 "clk";
    .port_info 1 /INPUT 1 "rst_n";
    .port_info 2 /OUTPUT 1 "tick_16x";
P_0x613f1af8e1d0 .param/l "Baud" 0 3 7, +C4<00000000000000011100001000000000>;
P_0x613f1af8e210 .param/l "DIV" 1 3 8, +C4<00000000000000000000000000011011>;
P_0x613f1af8e250 .param/l "W" 1 3 9, +C4<00000000000000000000000000000101>;
P_0x613f1af8e290 .param/l "clk_freq" 0 3 7, +C4<00000010111110101111000010000000>;
v0x613f1af8f300_0 .net "clk", 0 0, v0x613f1afb4bd0_0;  1 drivers
v0x613f1afb48e0_0 .var "cnt", 4 0;
v0x613f1afb49c0_0 .net "rst_n", 0 0, v0x613f1afb4ca0_0;  1 drivers
v0x613f1afb4a90_0 .var "tick_16x", 0 0;
E_0x613f1af9f4a0/0 .event negedge, v0x613f1afb49c0_0;
E_0x613f1af9f4a0/1 .event posedge, v0x613f1af8f300_0;
E_0x613f1af9f4a0 .event/or E_0x613f1af9f4a0/0, E_0x613f1af9f4a0/1;
    .scope S_0x613f1afa1ed0;
T_0 ;
    %wait E_0x613f1af9f4a0;
    %load/vec4 v0x613f1afb49c0_0;
    %nor/r;
    %flag_set/vec4 8;
    %jmp/0xz  T_0.0, 8;
    %pushi/vec4 0, 0, 5;
    %assign/vec4 v0x613f1afb48e0_0, 0;
    %pushi/vec4 0, 0, 1;
    %assign/vec4 v0x613f1afb4a90_0, 0;
    %jmp T_0.1;
T_0.0 ;
    %load/vec4 v0x613f1afb48e0_0;
    %pad/u 32;
    %cmpi/e 26, 0, 32;
    %jmp/0xz  T_0.2, 4;
    %pushi/vec4 0, 0, 5;
    %assign/vec4 v0x613f1afb48e0_0, 0;
    %pushi/vec4 1, 0, 1;
    %assign/vec4 v0x613f1afb4a90_0, 0;
    %jmp T_0.3;
T_0.2 ;
    %load/vec4 v0x613f1afb48e0_0;
    %addi 1, 0, 5;
    %assign/vec4 v0x613f1afb48e0_0, 0;
    %pushi/vec4 0, 0, 1;
    %assign/vec4 v0x613f1afb4a90_0, 0;
T_0.3 ;
T_0.1 ;
    %jmp T_0;
    .thread T_0;
    .scope S_0x613f1afa1d40;
T_1 ;
    %pushi/vec4 0, 0, 1;
    %store/vec4 v0x613f1afb4bd0_0, 0, 1;
    %pushi/vec4 0, 0, 1;
    %store/vec4 v0x613f1afb4ca0_0, 0, 1;
    %end;
    .thread T_1;
    .scope S_0x613f1afa1d40;
T_2 ;
    %delay 10000, 0;
    %load/vec4 v0x613f1afb4bd0_0;
    %inv;
    %store/vec4 v0x613f1afb4bd0_0, 0, 1;
    %jmp T_2;
    .thread T_2;
    .scope S_0x613f1afa1d40;
T_3 ;
    %vpi_call 2 12 "$dumpfile", "tb_baud_gen.vcd" {0 0 0};
    %vpi_call 2 13 "$dumpvars", 32'sb00000000000000000000000000000000, S_0x613f1afa1d40 {0 0 0};
    %delay 100000, 0;
    %pushi/vec4 1, 0, 1;
    %store/vec4 v0x613f1afb4ca0_0, 0, 1;
    %delay 100000000, 0;
    %vpi_call 2 19 "$finish" {0 0 0};
    %end;
    .thread T_3;
# The file index is used to find the file name in the following table.
:file_names 4;
    "N/A";
    "<interactive>";
    "tb/tb_baud_gen.v";
    "rtl/baud_gen.v";
