#! /usr/bin/vvp
:ivl_version "12.0 (stable)";
:ivl_delay_selection "TYPICAL";
:vpi_time_precision - 12;
:vpi_module "/usr/lib/x86_64-linux-gnu/ivl/system.vpi";
:vpi_module "/usr/lib/x86_64-linux-gnu/ivl/vhdl_sys.vpi";
:vpi_module "/usr/lib/x86_64-linux-gnu/ivl/vhdl_textio.vpi";
:vpi_module "/usr/lib/x86_64-linux-gnu/ivl/v2005_math.vpi";
:vpi_module "/usr/lib/x86_64-linux-gnu/ivl/va_math.vpi";
S_0x587d505cbca0 .scope module, "tb_uart_tx" "tb_uart_tx" 2 2;
 .timescale -9 -12;
P_0x587d505dbd20 .param/l "BIT_CLKS" 1 2 18, +C4<0000000000000000000000000000000000000000000000000000000110110000>;
v0x587d506017e0_0 .var "clk", 0 0;
v0x587d506018f0_0 .var/i "errors", 31 0;
v0x587d506019d0_0 .var "got", 7 0;
v0x587d50601a90_0 .var/i "i", 31 0;
v0x587d50601b70_0 .var "rst_n", 0 0;
v0x587d50601cb0_0 .net "tick_16x", 0 0, v0x587d505bc970_0;  1 drivers
v0x587d50601da0_0 .net "tx", 0 0, v0x587d506010e0_0;  1 drivers
v0x587d50601e40_0 .net "tx_busy", 0 0, v0x587d506011a0_0;  1 drivers
v0x587d50601ee0_0 .var "tx_data", 7 0;
v0x587d50602010_0 .var "tx_start", 0 0;
S_0x587d505cbed0 .scope module, "bg" "baud_gen" 2 10, 3 1 0, S_0x587d505cbca0;
 .timescale 0 0;
    .port_info 0 /INPUT 1 "clk";
    .port_info 1 /INPUT 1 "rst_n";
    .port_info 2 /OUTPUT 1 "tick_16x";
P_0x587d505b7230 .param/l "Baud" 0 3 7, +C4<00000000000000011100001000000000>;
P_0x587d505b7270 .param/l "DIV" 1 3 8, +C4<00000000000000000000000000011011>;
P_0x587d505b72b0 .param/l "W" 1 3 9, +C4<00000000000000000000000000000101>;
P_0x587d505b72f0 .param/l "clk_freq" 0 3 7, +C4<00000010111110101111000010000000>;
v0x587d505bab60_0 .net "clk", 0 0, v0x587d506017e0_0;  1 drivers
v0x587d505bafe0_0 .var "cnt", 4 0;
v0x587d505bbd90_0 .net "rst_n", 0 0, v0x587d50601b70_0;  1 drivers
v0x587d505bc970_0 .var "tick_16x", 0 0;
E_0x587d505c9290/0 .event negedge, v0x587d505bbd90_0;
E_0x587d505c9290/1 .event posedge, v0x587d505bab60_0;
E_0x587d505c9290 .event/or E_0x587d505c9290/0, E_0x587d505c9290/1;
S_0x587d506004a0 .scope module, "dut" "uart_tx" 2 13, 4 1 0, S_0x587d505cbca0;
 .timescale 0 0;
    .port_info 0 /INPUT 1 "clk";
    .port_info 1 /INPUT 1 "rst_n";
    .port_info 2 /INPUT 1 "tick_16x";
    .port_info 3 /INPUT 1 "tx_start";
    .port_info 4 /INPUT 8 "tx_data";
    .port_info 5 /OUTPUT 1 "tx_busy";
    .port_info 6 /OUTPUT 1 "tx";
P_0x587d505bb790 .param/l "DATA" 1 4 16, C4<10>;
P_0x587d505bb7d0 .param/l "IDLE" 1 4 16, C4<00>;
P_0x587d505bb810 .param/l "START" 1 4 16, C4<01>;
P_0x587d505bb850 .param/l "STOP" 1 4 16, C4<11>;
L_0x587d505c64e0 .functor AND 1, v0x587d505bc970_0, L_0x587d50602110, C4<1>, C4<1>;
L_0x78f2081b7018 .functor BUFT 1, C4<1111>, C4<0>, C4<0>, C4<0>;
v0x587d505bd160_0 .net/2u *"_ivl_0", 3 0, L_0x78f2081b7018;  1 drivers
v0x587d505bf120_0 .net *"_ivl_2", 0 0, L_0x587d50602110;  1 drivers
v0x587d506009b0_0 .net "bit_done", 0 0, L_0x587d505c64e0;  1 drivers
v0x587d50600a50_0 .var "bit_idx", 2 0;
v0x587d50600b30_0 .net "clk", 0 0, v0x587d506017e0_0;  alias, 1 drivers
v0x587d50600c20_0 .var "next_state", 1 0;
v0x587d50600ce0_0 .net "rst_n", 0 0, v0x587d50601b70_0;  alias, 1 drivers
v0x587d50600db0_0 .var "shreg", 7 0;
v0x587d50600e70_0 .var "state", 1 0;
v0x587d50600f50_0 .net "tick_16x", 0 0, v0x587d505bc970_0;  alias, 1 drivers
v0x587d50601020_0 .var "tick_cnt", 3 0;
v0x587d506010e0_0 .var "tx", 0 0;
v0x587d506011a0_0 .var "tx_busy", 0 0;
v0x587d50601260_0 .net "tx_data", 7 0, v0x587d50601ee0_0;  1 drivers
v0x587d50601340_0 .net "tx_start", 0 0, v0x587d50602010_0;  1 drivers
E_0x587d505c8e90 .event posedge, v0x587d505bab60_0;
E_0x587d505c9150 .event anyedge, v0x587d50600e70_0, v0x587d50601340_0, v0x587d506009b0_0, v0x587d50600a50_0;
E_0x587d505c94e0 .event anyedge, v0x587d50600e70_0, v0x587d50600db0_0;
L_0x587d50602110 .cmp/eq 4, v0x587d50601020_0, L_0x78f2081b7018;
S_0x587d506014e0 .scope task, "send_and_check" "send_and_check" 2 23, 2 23 0, S_0x587d505cbca0;
 .timescale -9 -12;
v0x587d506016e0_0 .var "d", 7 0;
E_0x587d505c9ec0 .event anyedge, v0x587d506011a0_0;
E_0x587d505c9b20 .event negedge, v0x587d506010e0_0;
TD_tb_uart_tx.send_and_check ;
    %wait E_0x587d505c8e90;
    %load/vec4 v0x587d506016e0_0;
    %assign/vec4 v0x587d50601ee0_0, 0;
    %pushi/vec4 1, 0, 1;
    %assign/vec4 v0x587d50602010_0, 0;
    %wait E_0x587d505c8e90;
    %pushi/vec4 0, 0, 1;
    %assign/vec4 v0x587d50602010_0, 0;
    %wait E_0x587d505c9b20;
    %pushi/vec4 216, 0, 64;
T_0.0 %dup/vec4;
    %pushi/vec4 0, 0, 64;
    %cmp/s;
    %jmp/1xz T_0.1, 5;
    %jmp/1 T_0.1, 4;
    %pushi/vec4 1, 0, 64;
    %sub;
    %wait E_0x587d505c8e90;
    %jmp T_0.0;
T_0.1 ;
    %pop/vec4 1;
    %load/vec4 v0x587d50601da0_0;
    %cmpi/ne 0, 0, 1;
    %jmp/0xz  T_0.2, 6;
    %vpi_call 2 31 "$display", "FAIL: start bit not 0" {0 0 0};
    %load/vec4 v0x587d506018f0_0;
    %addi 1, 0, 32;
    %store/vec4 v0x587d506018f0_0, 0, 32;
T_0.2 ;
    %pushi/vec4 0, 0, 32;
    %store/vec4 v0x587d50601a90_0, 0, 32;
T_0.4 ;
    %load/vec4 v0x587d50601a90_0;
    %cmpi/s 8, 0, 32;
    %jmp/0xz T_0.5, 5;
    %pushi/vec4 432, 0, 64;
T_0.6 %dup/vec4;
    %pushi/vec4 0, 0, 64;
    %cmp/s;
    %jmp/1xz T_0.7, 5;
    %jmp/1 T_0.7, 4;
    %pushi/vec4 1, 0, 64;
    %sub;
    %wait E_0x587d505c8e90;
    %jmp T_0.6;
T_0.7 ;
    %pop/vec4 1;
    %load/vec4 v0x587d50601da0_0;
    %ix/getv/s 4, v0x587d50601a90_0;
    %store/vec4 v0x587d506019d0_0, 4, 1;
    %load/vec4 v0x587d50601a90_0;
    %addi 1, 0, 32;
    %store/vec4 v0x587d50601a90_0, 0, 32;
    %jmp T_0.4;
T_0.5 ;
    %pushi/vec4 432, 0, 64;
T_0.8 %dup/vec4;
    %pushi/vec4 0, 0, 64;
    %cmp/s;
    %jmp/1xz T_0.9, 5;
    %jmp/1 T_0.9, 4;
    %pushi/vec4 1, 0, 64;
    %sub;
    %wait E_0x587d505c8e90;
    %jmp T_0.8;
T_0.9 ;
    %pop/vec4 1;
    %load/vec4 v0x587d50601da0_0;
    %cmpi/ne 1, 0, 1;
    %jmp/0xz  T_0.10, 6;
    %vpi_call 2 41 "$display", "FAIL: stop bit not 1" {0 0 0};
    %load/vec4 v0x587d506018f0_0;
    %addi 1, 0, 32;
    %store/vec4 v0x587d506018f0_0, 0, 32;
T_0.10 ;
    %load/vec4 v0x587d506019d0_0;
    %load/vec4 v0x587d506016e0_0;
    %cmp/ne;
    %jmp/0xz  T_0.12, 6;
    %vpi_call 2 45 "$display", "FAIL: sent %h, decoded %h", v0x587d506016e0_0, v0x587d506019d0_0 {0 0 0};
    %load/vec4 v0x587d506018f0_0;
    %addi 1, 0, 32;
    %store/vec4 v0x587d506018f0_0, 0, 32;
    %jmp T_0.13;
T_0.12 ;
    %vpi_call 2 47 "$display", "PASS: sent %h, decoded %h", v0x587d506016e0_0, v0x587d506019d0_0 {0 0 0};
T_0.13 ;
T_0.14 ;
    %load/vec4 v0x587d50601e40_0;
    %pushi/vec4 0, 0, 1;
    %cmp/e;
    %flag_get/vec4 4;
    %cmpi/ne 1, 0, 1;
    %jmp/0xz T_0.15, 6;
    %wait E_0x587d505c9ec0;
    %jmp T_0.14;
T_0.15 ;
    %pushi/vec4 20, 0, 32;
T_0.16 %dup/vec4;
    %pushi/vec4 0, 0, 32;
    %cmp/s;
    %jmp/1xz T_0.17, 5;
    %jmp/1 T_0.17, 4;
    %pushi/vec4 1, 0, 32;
    %sub;
    %wait E_0x587d505c8e90;
    %jmp T_0.16;
T_0.17 ;
    %pop/vec4 1;
    %end;
    .scope S_0x587d505cbed0;
T_1 ;
    %wait E_0x587d505c9290;
    %load/vec4 v0x587d505bbd90_0;
    %nor/r;
    %flag_set/vec4 8;
    %jmp/0xz  T_1.0, 8;
    %pushi/vec4 0, 0, 5;
    %assign/vec4 v0x587d505bafe0_0, 0;
    %pushi/vec4 0, 0, 1;
    %assign/vec4 v0x587d505bc970_0, 0;
    %jmp T_1.1;
T_1.0 ;
    %load/vec4 v0x587d505bafe0_0;
    %pad/u 32;
    %cmpi/e 26, 0, 32;
    %jmp/0xz  T_1.2, 4;
    %pushi/vec4 0, 0, 5;
    %assign/vec4 v0x587d505bafe0_0, 0;
    %pushi/vec4 1, 0, 1;
    %assign/vec4 v0x587d505bc970_0, 0;
    %jmp T_1.3;
T_1.2 ;
    %load/vec4 v0x587d505bafe0_0;
    %addi 1, 0, 5;
    %assign/vec4 v0x587d505bafe0_0, 0;
    %pushi/vec4 0, 0, 1;
    %assign/vec4 v0x587d505bc970_0, 0;
T_1.3 ;
T_1.1 ;
    %jmp T_1;
    .thread T_1;
    .scope S_0x587d506004a0;
T_2 ;
    %wait E_0x587d505c94e0;
    %load/vec4 v0x587d50600e70_0;
    %cmpi/e 0, 0, 2;
    %jmp/0xz  T_2.0, 4;
    %pushi/vec4 1, 0, 1;
    %store/vec4 v0x587d506010e0_0, 0, 1;
    %pushi/vec4 0, 0, 1;
    %store/vec4 v0x587d506011a0_0, 0, 1;
    %jmp T_2.1;
T_2.0 ;
    %load/vec4 v0x587d50600e70_0;
    %cmpi/e 1, 0, 2;
    %jmp/0xz  T_2.2, 4;
    %pushi/vec4 0, 0, 1;
    %store/vec4 v0x587d506010e0_0, 0, 1;
    %pushi/vec4 1, 0, 1;
    %store/vec4 v0x587d506011a0_0, 0, 1;
    %jmp T_2.3;
T_2.2 ;
    %load/vec4 v0x587d50600e70_0;
    %cmpi/e 2, 0, 2;
    %jmp/0xz  T_2.4, 4;
    %load/vec4 v0x587d50600db0_0;
    %parti/s 1, 0, 2;
    %store/vec4 v0x587d506010e0_0, 0, 1;
    %pushi/vec4 1, 0, 1;
    %store/vec4 v0x587d506011a0_0, 0, 1;
    %jmp T_2.5;
T_2.4 ;
    %load/vec4 v0x587d50600e70_0;
    %cmpi/e 3, 0, 2;
    %jmp/0xz  T_2.6, 4;
    %pushi/vec4 1, 0, 1;
    %store/vec4 v0x587d506010e0_0, 0, 1;
    %pushi/vec4 1, 0, 1;
    %store/vec4 v0x587d506011a0_0, 0, 1;
    %jmp T_2.7;
T_2.6 ;
    %pushi/vec4 1, 0, 1;
    %store/vec4 v0x587d506010e0_0, 0, 1;
    %pushi/vec4 0, 0, 1;
    %store/vec4 v0x587d506011a0_0, 0, 1;
T_2.7 ;
T_2.5 ;
T_2.3 ;
T_2.1 ;
    %jmp T_2;
    .thread T_2, $push;
    .scope S_0x587d506004a0;
T_3 ;
    %wait E_0x587d505c9150;
    %load/vec4 v0x587d50600e70_0;
    %dup/vec4;
    %pushi/vec4 0, 0, 2;
    %cmp/u;
    %jmp/1 T_3.0, 6;
    %dup/vec4;
    %pushi/vec4 1, 0, 2;
    %cmp/u;
    %jmp/1 T_3.1, 6;
    %dup/vec4;
    %pushi/vec4 2, 0, 2;
    %cmp/u;
    %jmp/1 T_3.2, 6;
    %dup/vec4;
    %pushi/vec4 3, 0, 2;
    %cmp/u;
    %jmp/1 T_3.3, 6;
    %pushi/vec4 0, 0, 2;
    %store/vec4 v0x587d50600c20_0, 0, 2;
    %jmp T_3.5;
T_3.0 ;
    %load/vec4 v0x587d50601340_0;
    %flag_set/vec4 8;
    %jmp/0 T_3.6, 8;
    %pushi/vec4 1, 0, 2;
    %jmp/1 T_3.7, 8;
T_3.6 ; End of true expr.
    %pushi/vec4 0, 0, 2;
    %jmp/0 T_3.7, 8;
 ; End of false expr.
    %blend;
T_3.7;
    %store/vec4 v0x587d50600c20_0, 0, 2;
    %jmp T_3.5;
T_3.1 ;
    %load/vec4 v0x587d506009b0_0;
    %flag_set/vec4 8;
    %jmp/0 T_3.8, 8;
    %pushi/vec4 2, 0, 2;
    %jmp/1 T_3.9, 8;
T_3.8 ; End of true expr.
    %pushi/vec4 1, 0, 2;
    %jmp/0 T_3.9, 8;
 ; End of false expr.
    %blend;
T_3.9;
    %store/vec4 v0x587d50600c20_0, 0, 2;
    %jmp T_3.5;
T_3.2 ;
    %load/vec4 v0x587d506009b0_0;
    %flag_set/vec4 9;
    %flag_get/vec4 9;
    %jmp/0 T_3.12, 9;
    %load/vec4 v0x587d50600a50_0;
    %pushi/vec4 7, 0, 3;
    %cmp/e;
    %flag_get/vec4 4;
    %and;
T_3.12;
    %flag_set/vec4 8;
    %jmp/0 T_3.10, 8;
    %pushi/vec4 3, 0, 2;
    %jmp/1 T_3.11, 8;
T_3.10 ; End of true expr.
    %pushi/vec4 2, 0, 2;
    %jmp/0 T_3.11, 8;
 ; End of false expr.
    %blend;
T_3.11;
    %store/vec4 v0x587d50600c20_0, 0, 2;
    %jmp T_3.5;
T_3.3 ;
    %load/vec4 v0x587d506009b0_0;
    %flag_set/vec4 8;
    %jmp/0 T_3.13, 8;
    %pushi/vec4 0, 0, 2;
    %jmp/1 T_3.14, 8;
T_3.13 ; End of true expr.
    %pushi/vec4 3, 0, 2;
    %jmp/0 T_3.14, 8;
 ; End of false expr.
    %blend;
T_3.14;
    %store/vec4 v0x587d50600c20_0, 0, 2;
    %jmp T_3.5;
T_3.5 ;
    %pop/vec4 1;
    %jmp T_3;
    .thread T_3, $push;
    .scope S_0x587d506004a0;
T_4 ;
    %wait E_0x587d505c8e90;
    %load/vec4 v0x587d50600ce0_0;
    %inv;
    %flag_set/vec4 8;
    %jmp/0xz  T_4.0, 8;
    %pushi/vec4 0, 0, 2;
    %assign/vec4 v0x587d50600e70_0, 0;
    %pushi/vec4 0, 0, 4;
    %assign/vec4 v0x587d50601020_0, 0;
    %pushi/vec4 0, 0, 3;
    %assign/vec4 v0x587d50600a50_0, 0;
    %pushi/vec4 0, 0, 8;
    %assign/vec4 v0x587d50600db0_0, 0;
    %jmp T_4.1;
T_4.0 ;
    %load/vec4 v0x587d50600c20_0;
    %assign/vec4 v0x587d50600e70_0, 0;
    %load/vec4 v0x587d50600e70_0;
    %cmpi/e 0, 0, 2;
    %jmp/0xz  T_4.2, 4;
    %pushi/vec4 0, 0, 4;
    %assign/vec4 v0x587d50601020_0, 0;
    %jmp T_4.3;
T_4.2 ;
    %load/vec4 v0x587d50600f50_0;
    %flag_set/vec4 8;
    %jmp/0xz  T_4.4, 8;
    %load/vec4 v0x587d50601020_0;
    %cmpi/e 15, 0, 4;
    %jmp/0xz  T_4.6, 4;
    %pushi/vec4 0, 0, 4;
    %assign/vec4 v0x587d50601020_0, 0;
    %jmp T_4.7;
T_4.6 ;
    %load/vec4 v0x587d50601020_0;
    %addi 1, 0, 4;
    %assign/vec4 v0x587d50601020_0, 0;
T_4.7 ;
T_4.4 ;
T_4.3 ;
    %load/vec4 v0x587d50600e70_0;
    %dup/vec4;
    %pushi/vec4 0, 0, 2;
    %cmp/u;
    %jmp/1 T_4.8, 6;
    %dup/vec4;
    %pushi/vec4 1, 0, 2;
    %cmp/u;
    %jmp/1 T_4.9, 6;
    %dup/vec4;
    %pushi/vec4 2, 0, 2;
    %cmp/u;
    %jmp/1 T_4.10, 6;
    %dup/vec4;
    %pushi/vec4 3, 0, 2;
    %cmp/u;
    %jmp/1 T_4.11, 6;
    %jmp T_4.13;
T_4.8 ;
    %load/vec4 v0x587d50601340_0;
    %flag_set/vec4 8;
    %jmp/0xz  T_4.14, 8;
    %load/vec4 v0x587d50601260_0;
    %assign/vec4 v0x587d50600db0_0, 0;
    %pushi/vec4 0, 0, 3;
    %assign/vec4 v0x587d50600a50_0, 0;
T_4.14 ;
    %jmp T_4.13;
T_4.9 ;
    %jmp T_4.13;
T_4.10 ;
    %load/vec4 v0x587d506009b0_0;
    %flag_set/vec4 9;
    %flag_get/vec4 9;
    %jmp/0 T_4.18, 9;
    %load/vec4 v0x587d50600a50_0;
    %cmpi/u 7, 0, 3;
    %flag_get/vec4 5;
    %and;
T_4.18;
    %flag_set/vec4 8;
    %jmp/0xz  T_4.16, 8;
    %load/vec4 v0x587d50600db0_0;
    %ix/load 4, 1, 0;
    %flag_set/imm 4, 0;
    %shiftr 4;
    %assign/vec4 v0x587d50600db0_0, 0;
    %load/vec4 v0x587d50600a50_0;
    %addi 1, 0, 3;
    %assign/vec4 v0x587d50600a50_0, 0;
T_4.16 ;
    %jmp T_4.13;
T_4.11 ;
    %jmp T_4.13;
T_4.13 ;
    %pop/vec4 1;
T_4.1 ;
    %jmp T_4;
    .thread T_4;
    .scope S_0x587d505cbca0;
T_5 ;
    %pushi/vec4 0, 0, 1;
    %store/vec4 v0x587d506017e0_0, 0, 1;
    %pushi/vec4 0, 0, 1;
    %store/vec4 v0x587d50601b70_0, 0, 1;
    %pushi/vec4 0, 0, 1;
    %store/vec4 v0x587d50602010_0, 0, 1;
    %pushi/vec4 0, 0, 8;
    %store/vec4 v0x587d50601ee0_0, 0, 8;
    %pushi/vec4 0, 0, 32;
    %store/vec4 v0x587d506018f0_0, 0, 32;
    %end;
    .thread T_5;
    .scope S_0x587d505cbca0;
T_6 ;
    %delay 10000, 0;
    %load/vec4 v0x587d506017e0_0;
    %inv;
    %store/vec4 v0x587d506017e0_0, 0, 1;
    %jmp T_6;
    .thread T_6;
    .scope S_0x587d505cbca0;
T_7 ;
    %vpi_call 2 55 "$dumpfile", "tb_uart_tx.vcd" {0 0 0};
    %vpi_call 2 56 "$dumpvars", 32'sb00000000000000000000000000000000, S_0x587d505cbca0 {0 0 0};
    %delay 100000, 0;
    %pushi/vec4 1, 0, 1;
    %store/vec4 v0x587d50601b70_0, 0, 1;
    %pushi/vec4 5, 0, 32;
T_7.0 %dup/vec4;
    %pushi/vec4 0, 0, 32;
    %cmp/s;
    %jmp/1xz T_7.1, 5;
    %jmp/1 T_7.1, 4;
    %pushi/vec4 1, 0, 32;
    %sub;
    %wait E_0x587d505c8e90;
    %jmp T_7.0;
T_7.1 ;
    %pop/vec4 1;
    %pushi/vec4 85, 0, 8;
    %store/vec4 v0x587d506016e0_0, 0, 8;
    %fork TD_tb_uart_tx.send_and_check, S_0x587d506014e0;
    %join;
    %pushi/vec4 163, 0, 8;
    %store/vec4 v0x587d506016e0_0, 0, 8;
    %fork TD_tb_uart_tx.send_and_check, S_0x587d506014e0;
    %join;
    %pushi/vec4 0, 0, 8;
    %store/vec4 v0x587d506016e0_0, 0, 8;
    %fork TD_tb_uart_tx.send_and_check, S_0x587d506014e0;
    %join;
    %pushi/vec4 255, 0, 8;
    %store/vec4 v0x587d506016e0_0, 0, 8;
    %fork TD_tb_uart_tx.send_and_check, S_0x587d506014e0;
    %join;
    %load/vec4 v0x587d506018f0_0;
    %cmpi/e 0, 0, 32;
    %jmp/0xz  T_7.2, 4;
    %vpi_call 2 65 "$display", "TEST PASSED" {0 0 0};
    %jmp T_7.3;
T_7.2 ;
    %vpi_call 2 66 "$display", "TEST FAILED: %0d errors", v0x587d506018f0_0 {0 0 0};
T_7.3 ;
    %vpi_call 2 67 "$finish" {0 0 0};
    %end;
    .thread T_7;
# The file index is used to find the file name in the following table.
:file_names 5;
    "N/A";
    "<interactive>";
    "tb/tb_uart_tx.v";
    "rtl/baud_gen.v";
    "rtl/uart_tx.v";
